[
  {
    "language": "bash",
    "literal": "echo \"fenced code block (bash)\"\n"
  }
]